
> my-app@0.0.0 build
> next build

   Ôû▓ Next.js 15.5.12
   - Environments: .env.local

   Creating an optimized production build ...
 Ô£ô Compiled successfully in 14.8s
   Linting and checking validity of types ...
node.exe : 
At C:\Program Files\n
odejs\npm.ps1:29 
char:3
+   & $NODE_EXE 
$NPM_CLI_JS $args
+   ~~~~~~~~~~~~~~~~~
~~~~~~~~~~~~
    + CategoryInfo   
           : 
NotSpecified: (:    
String) [], 
RemoteExc    eption
    + 
FullyQualifiedError  
  Id : 
NativeCommandErr    
or
 
 ÔÜá The Next.js 
plugin was not 
detected in your 
ESLint 
configuration. See ht
tps://nextjs.org/docs
/app/api-reference/co
nfig/eslint#migrating
-existing-config

./app/(main)/products/page.tsx
3:41  Warning: 'useCallback' is defined but never used. Allowed unused vars must match /^_|error/u.  @typescript-eslint/no-unused-vars

./app/api/admin/users/route.ts
30:9  Warning: Unused eslint-disable directive (no problems were reported from '@typescript-eslint/no-explicit-any').

./app/api/messages/route.ts
52:9  Warning: Unused eslint-disable directive (no problems were reported from '@typescript-eslint/no-explicit-any').

./app/api/orders/route.ts
33:9  Warning: Unused eslint-disable directive (no problems were reported from '@typescript-eslint/no-explicit-any').

./app/api/orders/[id]/route.ts
25:9  Warning: Unused eslint-disable directive (no problems were reported from '@typescript-eslint/no-explicit-any').
77:9  Warning: Unused eslint-disable directive (no problems were reported from '@typescript-eslint/no-explicit-any').

./app/api/products/route.ts
29:9  Warning: Unused eslint-disable directive (no problems were reported from '@typescript-eslint/no-explicit-any').

./app/layout.tsx
5:14  Warning: Fast refresh only works when a file only exports components. Use a new file to share constants or functions between components.  react-refresh/only-export-components

./components/ui/badge.tsx
46:17  Warning: Fast refresh only works when a file only exports components. Use a new file to share constants or functions between components.  react-refresh/only-export-components

./components/ui/button-group.tsx
82:3  Warning: Fast refresh only works when a file only exports components. Use a new file to share constants or functions between components.  react-refresh/only-export-components

./components/ui/button.tsx
62:18  Warning: Fast refresh only works when a file only exports components. Use a new file to share constants or functions between components.  react-refresh/only-export-components

./components/ui/form.tsx
159:3  Warning: Fast refresh only works when a file only exports components. Use a new file to share constants or functions between components.  react-refresh/only-export-components

./components/ui/navigation-menu.tsx
167:3  Warning: Fast refresh only works when a file only exports components. Use a new file to share constants or functions between components.  react-refresh/only-export-components

./components/ui/sidebar.tsx
726:3  Warning: Fast refresh only works when a file only exports components. Use a new file to share constants or functions between components.  react-refresh/only-export-components

./components/ui/toggle.tsx
45:18  Warning: Fast refresh only works when a file only exports components. Use a new file to share constants or functions between components.  react-refresh/only-export-components

./lib/mongodb.ts
15:5  Warning: Unused eslint-disable directive (no problems were reported from 'no-var').

./lib/services/api.ts
47:16  Warning: 'refreshError' is defined but never used. Allowed unused caught errors must match /^_|error/u.  @typescript-eslint/no-unused-vars

./lib/store/slices/cartSlice.ts
9:7  Warning: 'getStoredCart' is assigned a value but never used. Allowed unused vars must match /^_|error/u.  @typescript-eslint/no-unused-vars

info  - Need to disable some ESLint rules? Learn more here: https://nextjs.org/docs/app/api-reference/config/eslint#disabling-rules
   Collecting page data ...
   Generating static pages (0/43) ...
   Generating static pages (10/43) 
   Generating static pages (21/43) 
   Generating static pages (32/43) 
 Ô£ô Generating static pages (43/43)
   Finalizing page optimization ...
   Collecting build traces ...

Route (app)                                 Size  First Load JS
Ôöî Ôùï /                                    13.3 kB         169 kB
Ôö£ Ôùï /_not-found                          1.01 kB         103 kB
Ôö£ Ôùï /about                               6.67 kB         109 kB
Ôö£ Ôùï /admin                                113 kB         283 kB
Ôö£ Ôùï /admin/blogs                         7.19 kB         202 kB
Ôö£ Ôùï /admin/gallery                       4.83 kB         159 kB
Ôö£ Ôùï /admin/messages                      7.13 kB         158 kB
Ôö£ Ôùï /admin/orders                        4.96 kB         145 kB
Ôö£ Ôùï /admin/products                      7.03 kB         202 kB
Ôö£ Ôùï /admin/settings                      4.53 kB         124 kB
Ôö£ Ôùï /admin/users                         3.44 kB         144 kB
Ôö£ ãÆ /api/admin/stats                       224 B         102 kB
Ôö£ ãÆ /api/admin/users                       224 B         102 kB
Ôö£ ãÆ /api/admin/users/[id]                  224 B         102 kB
Ôö£ ãÆ /api/admin/users/[id]/toggle-status    224 B         102 kB
Ôö£ ãÆ /api/auth/forgot-password              224 B         102 kB
Ôö£ ãÆ /api/auth/login                        224 B         102 kB
Ôö£ ãÆ /api/auth/me                           224 B         102 kB
Ôö£ ãÆ /api/auth/refresh                      224 B         102 kB
Ôö£ ãÆ /api/auth/register                     224 B         102 kB
Ôö£ ãÆ /api/auth/reset-password               224 B         102 kB
Ôö£ ãÆ /api/auth/verify                       224 B         102 kB
Ôö£ ãÆ /api/blogs                             224 B         102 kB
Ôö£ ãÆ /api/blogs/[slug]                      224 B         102 kB
Ôö£ ãÆ /api/gallery                           224 B         102 kB
Ôö£ ãÆ /api/gallery/[id]                      224 B         102 kB
Ôö£ ãÆ /api/gallery/[id]/images               224 B         102 kB
Ôö£ ãÆ /api/gallery/[id]/images/[imageId]     224 B         102 kB
Ôö£ ãÆ /api/messages                          224 B         102 kB
Ôö£ ãÆ /api/messages/[id]                     224 B         102 kB
Ôö£ ãÆ /api/messages/[id]/reply               224 B         102 kB
Ôö£ ãÆ /api/orders                            224 B         102 kB
Ôö£ ãÆ /api/orders/[id]                       224 B         102 kB
Ôö£ ãÆ /api/orders/stats                      224 B         102 kB
Ôö£ ãÆ /api/products                          224 B         102 kB
Ôö£ ãÆ /api/products/[id]                     224 B         102 kB
Ôö£ ãÆ /api/products/categories               224 B         102 kB
Ôö£ ãÆ /api/products/featured                 224 B         102 kB
Ôö£ ãÆ /api/products/reviews                  224 B         102 kB
Ôö£ ãÆ /api/users/addresses                   224 B         102 kB
Ôö£ ãÆ /api/users/addresses/[id]              224 B         102 kB
Ôö£ ãÆ /api/users/change-password             224 B         102 kB
Ôö£ ãÆ /api/users/delete-account              224 B         102 kB
Ôö£ ãÆ /api/users/profile                     224 B         102 kB
Ôö£ ãÆ /api/users/profile-picture             224 B         102 kB
Ôö£ ãÆ /api/users/wishlist                    224 B         102 kB
Ôö£ ãÆ /api/users/wishlist/[productId]        224 B         102 kB
Ôö£ Ôùï /auth/callback                       2.88 kB         145 kB
Ôö£ Ôùï /blog                                2.93 kB         139 kB
Ôö£ ãÆ /blog/[slug]                         2.85 kB         139 kB
Ôö£ Ôùï /cart                                6.74 kB         136 kB
Ôö£ Ôùï /checkout                              14 kB         169 kB
Ôö£ Ôùï /contact                             7.43 kB         148 kB
Ôö£ Ôùï /forgot-password                     6.89 kB         160 kB
Ôö£ Ôùï /gallery                             3.15 kB         136 kB
Ôö£ Ôùï /login                               2.71 kB         166 kB
Ôö£ Ôùï /order-success                       6.29 kB         146 kB
Ôö£ Ôùï /orders                              10.5 kB         170 kB
Ôö£ Ôùï /products                            19.2 kB         202 kB
Ôö£ ãÆ /products/[id]                       8.95 kB         174 kB
Ôö£ Ôùï /profile                             11.4 kB         178 kB
Ôö£ Ôùï /register                            2.93 kB         166 kB
Ôö£ Ôùï /reset-password                      6.89 kB         157 kB
Ôö£ Ôùï /terms-and-conditions                 4.7 kB         112 kB
Ôö£ Ôùï /verify-email                        5.88 kB         156 kB
Ôöö Ôùï /wishlist                            6.36 kB         162 kB
+ First Load JS shared by all             102 kB
  Ôö£ chunks/1255-ad409e5887c155b0.js      45.7 kB
  Ôö£ chunks/4bd1b696-100b9d70ed4e49c1.js  54.2 kB
  Ôöö other shared chunks (total)          2.08 kB


Ôùï  (Static)   prerendered as static content
ãÆ  (Dynamic)  server-rendered on demand

